
> my-link-app@0.0.1 build
> next build

??Next.js 16.1.7 (Turbopack)

  Creating an optimized production build ...
??Compiled successfully in 2.5s
  Running TypeScript ...
node.exe : Failed to compile.
위치 줄:1 문자:1
+ & "C:\Program Files\nodejs/node.exe" "C:\Progr
am Files\nodejs/node_mo ...
+ ~~~~~~~~~~~~~~~~~~~~~~~~~~~~~~~~~~~~~~~~~~~~~~
~~~~~~~~~~~~~~~~~~~~~~~
    + CategoryInfo          : NotSpecified: (Fa 
   iled to compile.:String) [], RemoteExceptio  
  n
    + FullyQualifiedErrorId : NativeCommandErro 
   r
 

./data/links.ts:1:10
Type error: Module '"lucide-react"' has no expor
ted member 'Instagram'.

[0m[31m[1m>[22m[39m[90m 1 |[39m [36mimpo
rt[39m { [33mInstagram[39m[33m,[39m [33mYo
utube[39m[33m,[39m [33mBookOpen[39m[33m,[
39m [33mGithub[39m[33m,[39m [33mBriefcase[
39m[33m,[39m type [33mLucideIcon[39m } [36m
from[39m [32m'lucide-react'[39m[33m;[39m
 [90m   |[39m          [31m[1m^[22m[39m
 [90m 2 |[39m
 [90m 3 |[39m [36mexport[39m [36minterface
[39m [33mLinkItem[39m {
 [90m 4 |[39m   id[33m:[39m string[33m;[39
m[0m
Next.js build worker exited with code: 1 and sig
nal: null
